[03:08:54] ================================================================================
[03:08:54] MiniLLM vs Transformers Benchmark
[03:08:54] ================================================================================
[03:08:54] Start: 2026-02-17T03:08:54.724389
[03:08:54] PyTorch: 2.10.0+cpu
[03:08:54] Device: CPU
[03:08:54] 
[03:08:54] ================================================================================
[03:08:54] Testing MiniLLM
[03:08:54] ================================================================================
/root/.openclaw/workspace/minillm/minillm/__init__.py:19: UserWarning: Rust extensions not available, falling back to PyTorch
  warnings.warn("Rust extensions not available, falling back to PyTorch")
[03:08:54] Parameters: 6,549,760
[03:08:54] 
[03:08:54] ================================================================================
[03:08:54] Testing Transformers (LlamaForCausalLM)
[03:08:54] ================================================================================
[03:08:56] Parameters: 3,135,744
[03:08:56] 
[03:08:56] ================================================================================
[03:08:56] Running Benchmarks
[03:08:56] ================================================================================
[03:08:56] 
[03:08:56] Sequence Length: 64
[03:08:56] ----------------------------------------
[03:08:56] MiniLLM:
Traceback (most recent call last):
  File "/root/.openclaw/workspace/minillm/benchmarks/compare_transformers.py", line 211, in <module>
    results, log_content = benchmark_transformers_vs_minillm()
                           ^^^^^^^^^^^^^^^^^^^^^^^^^^^^^^^^^^^
  File "/root/.openclaw/workspace/minillm/benchmarks/compare_transformers.py", line 134, in benchmark_transformers_vs_minillm
    _ = minillm_model(input_ids)
        ^^^^^^^^^^^^^^^^^^^^^^^^
  File "/usr/local/lib/python3.12/dist-packages/torch/nn/modules/module.py", line 1776, in _wrapped_call_impl
    return self._call_impl(*args, **kwargs)
           ^^^^^^^^^^^^^^^^^^^^^^^^^^^^^^^^
  File "/usr/local/lib/python3.12/dist-packages/torch/nn/modules/module.py", line 1787, in _call_impl
    return forward_call(*args, **kwargs)
           ^^^^^^^^^^^^^^^^^^^^^^^^^^^^^
  File "/root/.openclaw/workspace/minillm/minillm/model.py", line 114, in forward
    hidden_states = layer(hidden_states, kv_cache, position_ids)
                    ^^^^^^^^^^^^^^^^^^^^^^^^^^^^^^^^^^^^^^^^^^^^
  File "/usr/local/lib/python3.12/dist-packages/torch/nn/modules/module.py", line 1776, in _wrapped_call_impl
    return self._call_impl(*args, **kwargs)
           ^^^^^^^^^^^^^^^^^^^^^^^^^^^^^^^^
  File "/usr/local/lib/python3.12/dist-packages/torch/nn/modules/module.py", line 1787, in _call_impl
    return forward_call(*args, **kwargs)
           ^^^^^^^^^^^^^^^^^^^^^^^^^^^^^
  File "/root/.openclaw/workspace/minillm/minillm/model.py", line 49, in forward
    hidden_states = self.self_attn(hidden_states, kv_cache, position_ids)
                    ^^^^^^^^^^^^^^^^^^^^^^^^^^^^^^^^^^^^^^^^^^^^^^^^^^^^^
  File "/usr/local/lib/python3.12/dist-packages/torch/nn/modules/module.py", line 1776, in _wrapped_call_impl
    return self._call_impl(*args, **kwargs)
           ^^^^^^^^^^^^^^^^^^^^^^^^^^^^^^^^
  File "/usr/local/lib/python3.12/dist-packages/torch/nn/modules/module.py", line 1787, in _call_impl
    return forward_call(*args, **kwargs)
           ^^^^^^^^^^^^^^^^^^^^^^^^^^^^^
  File "/root/.openclaw/workspace/minillm/minillm/layers.py", line 135, in forward
    attn_weights = torch.matmul(query_states, key_states.transpose(-2, -1)) / math.sqrt(self.head_dim)
                   ^^^^^^^^^^^^^^^^^^^^^^^^^^^^^^^^^^^^^^^^^^^^^^^^^^^^^^^^
RuntimeError: The size of tensor a (4) must match the size of tensor b (0) at non-singleton dimension 1
