[03:09:59] ================================================================================
[03:09:59] MiniLLM Simplified Benchmark (No Cache)
[03:09:59] ================================================================================
[03:09:59] Start: 2026-02-17T03:09:59.174940
[03:09:59] PyTorch: 2.10.0+cpu
[03:09:59] Device: CPU
/root/.openclaw/workspace/minillm/minillm/__init__.py:19: UserWarning: Rust extensions not available, falling back to PyTorch
  warnings.warn("Rust extensions not available, falling back to PyTorch")
[03:09:59] 
[03:09:59] Building model...
[03:09:59] Parameters: 2,879,744 (2.88M)
[03:09:59] 
[03:09:59] ================================================================================
[03:09:59] Benchmarking
[03:09:59] ================================================================================
[03:09:59] 
[03:09:59] Seq len: 64
[03:09:59]   Avg time: 5.29 ms
[03:09:59]   Throughput: 12092.2 tok/s
[03:09:59] 
[03:09:59] Seq len: 128
[03:09:59]   Avg time: 8.83 ms
[03:09:59]   Throughput: 14494.6 tok/s
[03:09:59] 
[03:09:59] Seq len: 256
[03:09:59]   Avg time: 26.91 ms
[03:09:59]   Throughput: 9513.5 tok/s
[03:09:59] 
[03:09:59] Seq len: 512
[03:10:00]   Avg time: 57.91 ms
[03:10:00]   Throughput: 8840.9 tok/s
[03:10:00] 
[03:10:00] ================================================================================
[03:10:00] Summary
[03:10:00] ================================================================================
[03:10:00] 64: 12092.2 tok/s
[03:10:00] 128: 14494.6 tok/s
[03:10:00] 256: 9513.5 tok/s
[03:10:00] 512: 8840.9 tok/s
[03:10:00] 
End: 2026-02-17T03:10:00.530045
